INFO:root:This is my normal information about the software run
